// Jest Snapshot v1, https://goo.gl/fbAQLP

exports[`Ooops should match expected snapshot. default 1`] = `
<div
  className="container"
>
  <a
    className="container__nav"
    href="#/"
    onClick={[Function]}
  >
    Back to home
  </a>
  <h1>
    Ooops!!!
  </h1>
  <p>
    This page does not exist...
  </p>
</div>
`;
